Copyright 1986-2020 Xilinx, Inc. All Rights Reserved.
------------------------------------------------------------------------------------------
| Tool Version : Vivado v.2020.1 (win64) Build 2902540 Wed May 27 19:54:49 MDT 2020
| Date         : Mon Dec  1 15:36:45 2025
| Host         : HU-DOPX-COM08 running 64-bit major release  (build 9200)
| Command      : report_control_sets -verbose -file top_level_vga_control_sets_placed.rpt
| Design       : top_level_vga
| Device       : xc7a35t
------------------------------------------------------------------------------------------

Control Set Information

Table of Contents
-----------------
1. Summary
2. Histogram
3. Flip-Flop Distribution
4. Detailed Control Set Information

1. Summary
----------

+----------------------------------------------------------+-------+
|                          Status                          | Count |
+----------------------------------------------------------+-------+
| Total control sets                                       |    21 |
|    Minimum number of control sets                        |    21 |
|    Addition due to synthesis replication                 |     0 |
|    Addition due to physical synthesis replication        |     0 |
| Unused register locations in slices containing registers |    88 |
+----------------------------------------------------------+-------+
* Control sets can be merged at opt_design using control_set_merge or merge_equivalent_drivers
** Run report_qor_suggestions for automated merging and remapping suggestions


2. Histogram
------------

+--------------------+-------+
|       Fanout       | Count |
+--------------------+-------+
| Total control sets |    21 |
| >= 0 to < 4        |     2 |
| >= 4 to < 6        |     4 |
| >= 6 to < 8        |     3 |
| >= 8 to < 10       |     3 |
| >= 10 to < 12      |     4 |
| >= 12 to < 14      |     0 |
| >= 14 to < 16      |     0 |
| >= 16              |     5 |
+--------------------+-------+
* Control sets can be remapped at either synth_design or opt_design


3. Flip-Flop Distribution
-------------------------

+--------------+-----------------------+------------------------+-----------------+--------------+
| Clock Enable | Synchronous Set/Reset | Asynchronous Set/Reset | Total Registers | Total Slices |
+--------------+-----------------------+------------------------+-----------------+--------------+
| No           | No                    | No                     |              48 |           20 |
| No           | No                    | Yes                    |               0 |            0 |
| No           | Yes                   | No                     |              60 |           19 |
| Yes          | No                    | No                     |             104 |           42 |
| Yes          | No                    | Yes                    |               0 |            0 |
| Yes          | Yes                   | No                     |              28 |           11 |
+--------------+-----------------------+------------------------+-----------------+--------------+


4. Detailed Control Set Information
-----------------------------------

+----------------+-----------------------+-----------------------------+------------------+----------------+--------------+
|  Clock Signal  |     Enable Signal     |       Set/Reset Signal      | Slice Load Count | Bel Load Count | Bels / Slice |
+----------------+-----------------------+-----------------------------+------------------+----------------+--------------+
|  clk_IBUF_BUFG |                       |                             |                1 |              2 |         2.00 |
|  clk_d_BUFG    | x2/trig_v             | x5/v_count[9]_i_1_n_0       |                2 |              3 |         1.50 |
|  clk_d_BUFG    | x4/p1_powerup_count   | x4/timer_done_reg_n_0       |                1 |              4 |         4.00 |
|  clk_d_BUFG    | x4/p2_powerup_count   | x4/timer_done_reg_n_0       |                2 |              4 |         2.00 |
|  clk_d_BUFG    | x4/player2_health     |                             |                2 |              5 |         2.50 |
|  clk_d_BUFG    | x4/player1_health     |                             |                2 |              5 |         2.50 |
|  clk_d_BUFG    | x2/trig_v             |                             |                2 |              6 |         3.00 |
|  clk_d_BUFG    | x4/timer_sec          |                             |                3 |              6 |         2.00 |
|  clk_d_BUFG    |                       | x4/timer_done_reg_n_0       |                4 |              7 |         1.75 |
|  clk_d_BUFG    | x4/reveal_frames      | x4/reveal_frames[7]_i_1_n_0 |                3 |              8 |         2.67 |
|  clk_d_BUFG    |                       | x2/h_count[9]_i_1_n_0       |                3 |              9 |         3.00 |
|  clk_d_BUFG    | x4/pu_frames_left     | x4/powerup_x                |                3 |              9 |         3.00 |
|  clk_d_BUFG    | x4/jet1_y             |                             |                4 |             10 |         2.50 |
|  clk_d_BUFG    | x4/jet1_x             |                             |                4 |             10 |         2.50 |
|  clk_d_BUFG    | x4/jet2_x             |                             |                4 |             10 |         2.50 |
|  clk_d_BUFG    | x4/jet2_y             |                             |                4 |             10 |         2.50 |
|  clk_d_BUFG    | x4/frame_tick_reg_n_0 |                             |                7 |             16 |         2.29 |
|  clk_d_BUFG    |                       | x4/frame_cnt[18]_i_1_n_0    |                5 |             18 |         3.60 |
|  clk_d_BUFG    |                       | x4/timer_cnt[26]_i_1_n_0    |                7 |             26 |         3.71 |
|  clk_d_BUFG    | x4/powerup_x          |                             |               10 |             26 |         2.60 |
|  clk_d_BUFG    |                       |                             |               19 |             46 |         2.42 |
+----------------+-----------------------+-----------------------------+------------------+----------------+--------------+


